// Jest Snapshot v1, https://goo.gl/fbAQLP

exports[`Snapshot of Forecast component 1`] = `
<div
  className="container"
>
  <div
    className="container"
  >
    <div
      className="row"
    >
      <div
        className="col-md-6"
      >
        <h2>
          Cloudy forever
        </h2>
      </div>
      <div
        className="col-md-6"
      >
        <h3>
          <span>
            55
            ยบ
          </span>
        </h3>
        <h5>
          <span>
            54
            ยบ
          </span>
           - 
          <span>
            57
            ยบ
          </span>
        </h5>
      </div>
    </div>
    <div
      className="row"
    >
      <div
        className="col-md-4"
      >
        <h5>
          % humidity
        </h5>
      </div>
      <div
        className="col-md-8"
      >
        <h5>
           
           wind speed
        </h5>
      </div>
    </div>
  </div>
</div>
`;
